00:00 +0: loading /home/hur/VSCode/Dart/partsflow/test/screens/orders/kanban/kanban_orders_screen_test.dart                                                                                            00:01 +0: loading /home/hur/VSCode/Dart/partsflow/test/screens/orders/kanban/kanban_orders_screen_test.dart                                                                                            00:02 +0: loading /home/hur/VSCode/Dart/partsflow/test/screens/orders/kanban/kanban_orders_screen_test.dart                                                                                            00:02 +0: KanbanOrdersScreen shows FAB                                                                                                                                                                 00:03 +0: KanbanOrdersScreen shows FAB                                                                                                                                                                 00:03 +0: KanbanOrdersScreen shows FAB                                                                                                                                                                 
GETTING ORDERS WITH PARAMS limit=10&status=identifying_car,identifying_products,searching_oems,searching_stock,order_quoted&
Creating timer
Disposing. Cancelling timer: Instance of 'FakeTimer'
Pending timers:
Timer (duration: 0:00:00.000000, periodic: false), created:
#0      new FakeTimer._ (package:fake_async/fake_async.dart:342:62)
#1      FakeAsync._createTimer (package:fake_async/fake_async.dart:260:29)
#2      FakeAsync.run.<anonymous closure> (package:fake_async/fake_async.dart:185:15)
#6      _SpeedDialState.initState (package:flutter_speed_dial/src/speed_dial.dart:243:12)
#7      StatefulElement._firstBuild (package:flutter/src/widgets/framework.dart:5953:55)
#8      ComponentElement.mount (package:flutter/src/widgets/framework.dart:5796:5)
...     Normal element mounting (23 frames)
#31     Element.inflateWidget (package:flutter/src/widgets/framework.dart:4590:20)
#32     MultiChildRenderObjectElement.inflateWidget (package:flutter/src/widgets/framework.dart:7269:36)
#33     MultiChildRenderObjectElement.mount (package:flutter/src/widgets/framework.dart:7285:32)
...     Normal element mounting (21 frames)
#54     Element.inflateWidget (package:flutter/src/widgets/framework.dart:4590:20)
#55     MultiChildRenderObjectElement.inflateWidget (package:flutter/src/widgets/framework.dart:7269:36)
#56     MultiChildRenderObjectElement.mount (package:flutter/src/widgets/framework.dart:7285:32)
...     Normal element mounting (372 frames)
#428    Element.inflateWidget (package:flutter/src/widgets/framework.dart:4590:20)
#429    MultiChildRenderObjectElement.inflateWidget (package:flutter/src/widgets/framework.dart:7269:36)
#430    MultiChildRenderObjectElement.mount (package:flutter/src/widgets/framework.dart:7285:32)
...     Normal element mounting (465 frames)
#895    Element.inflateWidget (package:flutter/src/widgets/framework.dart:4590:20)
#896    Element.updateChild (package:flutter/src/widgets/framework.dart:4053:20)
#897    ComponentElement.performRebuild (package:flutter/src/widgets/framework.dart:5844:16)
#898    Element.rebuild (package:flutter/src/widgets/framework.dart:5532:7)
#899    ProxyElement.update (package:flutter/src/widgets/framework.dart:6152:5)
#900    _InheritedNotifierElement.update (package:flutter/src/widgets/inherited_notifier.dart:108:11)
#901    Element.updateChild (package:flutter/src/widgets/framework.dart:4037:15)
#902    ComponentElement.performRebuild (package:flutter/src/widgets/framework.dart:5844:16)
#903    StatefulElement.performRebuild (package:flutter/src/widgets/framework.dart:5985:11)
#904    Element.rebuild (package:flutter/src/widgets/framework.dart:5532:7)
#905    StatefulElement.update (package:flutter/src/widgets/framework.dart:6010:5)
#906    Element.updateChild (package:flutter/src/widgets/framework.dart:4037:15)
#907    ComponentElement.performRebuild (package:flutter/src/widgets/framework.dart:5844:16)
#908    Element.rebuild (package:flutter/src/widgets/framework.dart:5532:7)
#909    ProxyElement.update (package:flutter/src/widgets/framework.dart:6152:5)
#910    _InheritedNotifierElement.update (package:flutter/src/widgets/inherited_notifier.dart:108:11)
#911    Element.updateChild (package:flutter/src/widgets/framework.dart:4037:15)
#912    ComponentElement.performRebuild (package:flutter/src/widgets/framework.dart:5844:16)
#913    StatefulElement.performRebuild (package:flutter/src/widgets/framework.dart:5985:11)
#914    Element.rebuild (package:flutter/src/widgets/framework.dart:5532:7)
#915    StatefulElement.update (package:flutter/src/widgets/framework.dart:6010:5)
#916    Element.updateChild (package:flutter/src/widgets/framework.dart:4037:15)
#917    ComponentElement.performRebuild (package:flutter/src/widgets/framework.dart:5844:16)
#918    StatefulElement.performRebuild (package:flutter/src/widgets/framework.dart:5985:11)
#919    Element.rebuild (package:flutter/src/widgets/framework.dart:5532:7)
#920    StatefulElement.update (package:flutter/src/widgets/framework.dart:6010:5)
#921    Element.updateChild (package:flutter/src/widgets/framework.dart:4037:15)
#922    ComponentElement.performRebuild (package:flutter/src/widgets/framework.dart:5844:16)
#923    Element.rebuild (package:flutter/src/widgets/framework.dart:5532:7)
#924    ProxyElement.update (package:flutter/src/widgets/framework.dart:6152:5)
#925    Element.updateChild (package:flutter/src/widgets/framework.dart:4037:15)
#926    ComponentElement.performRebuild (package:flutter/src/widgets/framework.dart:5844:16)
#927    StatefulElement.performRebuild (package:flutter/src/widgets/framework.dart:5985:11)
#928    Element.rebuild (package:flutter/src/widgets/framework.dart:5532:7)
#929    StatefulElement.update (package:flutter/src/widgets/framework.dart:6010:5)
#930    Element.updateChild (package:flutter/src/widgets/framework.dart:4037:15)
#931    ComponentElement.performRebuild (package:flutter/src/widgets/framework.dart:5844:16)
#932    Element.rebuild (package:flutter/src/widgets/framework.dart:5532:7)
#933    ProxyElement.update (package:flutter/src/widgets/framework.dart:6152:5)
#934    Element.updateChild (package:flutter/src/widgets/framework.dart:4037:15)
#935    ComponentElement.performRebuild (package:flutter/src/widgets/framework.dart:5844:16)
#936    Element.rebuild (package:flutter/src/widgets/framework.dart:5532:7)
#937    ProxyElement.update (package:flutter/src/widgets/framework.dart:6152:5)
#938    Element.updateChild (package:flutter/src/widgets/framework.dart:4037:15)
#939    _RawViewElement._updateChild (package:flutter/src/widgets/view.dart:481:16)
#940    _RawViewElement.update (package:flutter/src/widgets/view.dart:568:5)
#941    Element.updateChild (package:flutter/src/widgets/framework.dart:4037:15)
#942    ComponentElement.performRebuild (package:flutter/src/widgets/framework.dart:5844:16)
#943    Element.rebuild (package:flutter/src/widgets/framework.dart:5532:7)
#944    StatelessElement.update (package:flutter/src/widgets/framework.dart:5898:5)
#945    Element.updateChild (package:flutter/src/widgets/framework.dart:4037:15)
#946    ComponentElement.performRebuild (package:flutter/src/widgets/framework.dart:5844:16)
#947    StatefulElement.performRebuild (package:flutter/src/widgets/framework.dart:5985:11)
#948    Element.rebuild (package:flutter/src/widgets/framework.dart:5532:7)
#949    StatefulElement.update (package:flutter/src/widgets/framework.dart:6010:5)
#950    Element.updateChild (package:flutter/src/widgets/framework.dart:4037:15)
#951    RootElement._rebuild (package:flutter/src/widgets/binding.dart:1782:16)
#952    RootElement.update (package:flutter/src/widgets/binding.dart:1760:5)
#953    RootElement.performRebuild (package:flutter/src/widgets/binding.dart:1774:7)
#954    Element.rebuild (package:flutter/src/widgets/framework.dart:5532:7)
#955    BuildScope._tryRebuild (package:flutter/src/widgets/framework.dart:2750:15)
#956    BuildScope._flushDirtyElements (package:flutter/src/widgets/framework.dart:2807:11)
#957    BuildOwner.buildScope (package:flutter/src/widgets/framework.dart:3111:18)
#958    AutomatedTestWidgetsFlutterBinding.drawFrame (package:flutter_test/src/binding.dart:1506:19)
#959    RendererBinding._handlePersistentFrameCallback (package:flutter/src/rendering/binding.dart:495:5)
#960    SchedulerBinding._invokeFrameCallback (package:flutter/src/scheduler/binding.dart:1434:15)
#961    SchedulerBinding.handleDrawFrame (package:flutter/src/scheduler/binding.dart:1347:9)
#962    AutomatedTestWidgetsFlutterBinding.pump.<anonymous closure> (package:flutter_test/src/binding.dart:1335:9)
#965    TestAsyncUtils.guard (package:flutter_test/src/test_async_utils.dart:74:41)
#966    AutomatedTestWidgetsFlutterBinding.pump (package:flutter_test/src/binding.dart:1324:27)
#967    WidgetTester.pumpWidget.<anonymous closure> (package:flutter_test/src/widget_tester.dart:598:22)
#970    TestAsyncUtils.guard (package:flutter_test/src/test_async_utils.dart:74:41)
#971    WidgetTester.pumpWidget (package:flutter_test/src/widget_tester.dart:595:27)
#972    main.pumpKanbanScreen (file:///home/hur/VSCode/Dart/partsflow/test/screens/orders/kanban/kanban_orders_screen_test.dart:34:18)
#973    main.<anonymous closure>.<anonymous closure> (file:///home/hur/VSCode/Dart/partsflow/test/screens/orders/kanban/kanban_orders_screen_test.dart:253:13)
#974    testWidgets.<anonymous closure>.<anonymous closure> (package:flutter_test/src/widget_tester.dart:192:29)
<asynchronous suspension>
#975    TestWidgetsFlutterBinding._runTestBody (package:flutter_test/src/binding.dart:1059:5)
<asynchronous suspension>
<asynchronous suspension>
(elided 8 frames from dart:async and package:stack_trace)

══╡ EXCEPTION CAUGHT BY FLUTTER TEST FRAMEWORK ╞════════════════════════════════════════════════════
The following assertion was thrown running a test:
A Timer is still pending even after the widget tree was disposed.
'package:flutter_test/src/binding.dart':
Failed assertion: line 1617 pos 12: '!timersPending'

When the exception was thrown, this was the stack:
#2      AutomatedTestWidgetsFlutterBinding._verifyInvariants (package:flutter_test/src/binding.dart:1617:12)
#3      TestWidgetsFlutterBinding._runTestBody (package:flutter_test/src/binding.dart:1078:7)
<asynchronous suspension>
<asynchronous suspension>
(elided 3 frames from class _AssertionError and package:stack_trace)

The test description was:
  shows FAB
════════════════════════════════════════════════════════════════════════════════════════════════════
00:03 +0 -1: KanbanOrdersScreen shows FAB [E]                                                                                                                                                          
  Test failed. See exception logs above.
  The test description was: shows FAB
  

To run this test again: /opt/flutter/bin/cache/dart-sdk/bin/dart test /home/hur/VSCode/Dart/partsflow/test/screens/orders/kanban/kanban_orders_screen_test.dart -p vm --plain-name 'KanbanOrdersScreen shows FAB'
00:04 +0 -1: Some tests failed.                                                                                                                                                                        
